################################################################################
#                                                                              #
#      IAR Universal Linker V6.5.4.100                                         #
#                                                                              #
#           Link time     =  23/Nov/2024  15:10:29                             #
#           Target CPU    =  MSP430                                            #
#           List file     =  "C:\Users\jonmb\OneDrive - CCSU\Classapps\code\As #
#                            sembly\IAR\PWM Example Project\Debug\List\PWM Exa #
#                            mple Project.map"                                 #
#           Output file 1 =  "C:\Users\jonmb\OneDrive - CCSU\Classapps\code\As #
#                            sembly\IAR\PWM Example Project\Debug\Exe\PWM Exam #
#                            ple Project.d43"                                  #
#                            Format: ubrof10                                   #
#                            UBROF version 10.0.6                              #
#                            Using library modules for C-SPY (-rt)             #
#           Command line  =  -f C:\Users\jonmb\AppData\Local\Temp\EWC2CF.tmp   #
#                            ("C:\Users\jonmb\OneDrive - CCSU\Classapps\code\A #
#                            ssembly\IAR\PWM Example Project\Debug\Obj\ex3_pwm #
#                            .r43"                                             #
#                            -o                                                #
#                            "C:\Users\jonmb\OneDrive - CCSU\Classapps\code\As #
#                            sembly\IAR\PWM Example Project\Debug\Exe\PWM Exam #
#                            ple Project.d43"                                  #
#                            -l                                                #
#                            "C:\Users\jonmb\OneDrive - CCSU\Classapps\code\As #
#                            sembly\IAR\PWM Example Project\Debug\List\PWM Exa #
#                            mple Project.map"                                 #
#                            -xms                                              #
#                            "-IC:\Program Files (x86)\IAR Systems\Embedded Wo #
#                            rkbench 8.4\430\LIB\"                             #
#                            -f                                                #
#                            "C:\Program Files (x86)\IAR Systems\Embedded Work #
#                            bench 8.4\430\config\linker\lnk430g2553.xcl"      #
#                            (-cmsp430 -QCODE_I=CODE_ID -QTLS16_I=TLS16_ID     #
#                            -Z(CONST)INFO=1000-10FF                           #
#                            -Z(CONST)INFOA=10C0-10FF                          #
#                            -Z(CONST)INFOB=1080-10BF                          #
#                            -Z(CONST)INFOC=1040-107F                          #
#                            -Z(CONST)INFOD=1000-103F                          #
#                            -Z(DATA)DATA16_I,DATA16_Z,DATA16_N,TLS16_I=0200-0 #
#                            3FF                                               #
#                            -Z(DATA)DATA16_HEAP+_DATA16_HEAP_SIZE             #
#                            -Z(DATA)CODE_I -Z(DATA)CSTACK+_STACK_SIZE#        #
#                            -Z(CONST)DATA16_C,DATA16_ID,TLS16_ID,DIFUNCT,CHEC #
#                            KSUM=C000-FFDD                                    #
#                            -Z(CODE)CSTART,ISR_CODE,CODE_ID=C000-FFDD         #
#                            -P(CODE)CODE=C000-FFDD                            #
#                            -Z(CONST)SIGNATURE=FFDE-FFDF                      #
#                            -Z(CODE)INTVEC=FFE0-FFFF                          #
#                            -Z(CODE)RESET=FFFE-FFFF) -D_STACK_SIZE=50 -rt     #
#                            -D_DATA16_HEAP_SIZE=50 -D_DATA20_HEAP_SIZE=50)    #
#                                                                              #
#                           Copyright (C) 1987-2018 IAR Systems AB.            #
################################################################################





                ****************************************
                *                                      *
                *           CROSS REFERENCE            *
                *                                      *
                ****************************************

                  There are no program entries.


                ****************************************
                *                                      *
                *    AUTOMATIC SYMBOL REDIRECTIONS     *
                *                                      *
                ****************************************

                  There are no automatic symbol redirections.



                ****************************************
                *                                      *
                *              MODULE MAP              *
                *                                      *
                ****************************************


  DEFINED ABSOLUTE ENTRIES
    *************************************************************************

  DEFINED ABSOLUTE ENTRIES
  PROGRAM MODULE, NAME : ?ABS_ENTRY_MOD

Absolute parts
           ENTRY                   ADDRESS         REF BY
           =====                   =======         ======
           _DATA20_HEAP_SIZE       0050 
           _DATA16_HEAP_SIZE       0050 
           _STACK_SIZE             0050 
    *************************************************************************

  FILE NAME : C:\Users\jonmb\OneDrive - CCSU\Classapps\code\Assembly\IAR\PWM Example Project\Debug\Obj\ex3_pwm.r43
  PROGRAM MODULE, NAME : ex3_pwm

Absolute parts
     F800 - F845
     FFFE - FFFF
           LOCAL                   ADDRESS         
           =====                   =======         
           RESET                   F800 
           StopWDT                 F804 
           SetupP1                 F80A 
           SetupC0                 F816 
           SetupC1                 F81C 
           SetupTA                 F828 
           main                    F830 
           sameduty                F83E 



                ****************************************
                *                                      *
                *      SEGMENTS IN ADDRESS ORDER       *
                *                                      *
                ****************************************


SEGMENT              SPACE    START ADDRESS   END ADDRESS     SIZE  TYPE  ALIGN
=======              =====    =============   ===========     ====  ====  =====
                                       F800 - F845              46  aseg  
                                       FFFE - FFFF               2  aseg  

                ****************************************
                *                                      *
                *        END OF CROSS REFERENCE        *
                *                                      *
                ****************************************

 0 bytes of CODE memory (+ 72 absolute )

Errors: none
Warnings: none

